// Jest Snapshot v1, https://goo.gl/fbAQLP

exports[`locationReducer should return initial state 1`] = `
Object {
  "isFetching": false,
  "location": null,
}
`;
